#-----------------------------------------------------------
# Webtalk v2018.3 (64-bit)
# SW Build 2405991 on Thu Dec  6 23:38:27 MST 2018
# IP Build 2404404 on Fri Dec  7 01:43:56 MST 2018
# Start of session at: Sat Apr 18 16:39:54 2026
# Process ID: 23992
# Current directory: D:/Desktop/CS207_DigitalLogic_Project/CS207_DigitalLogic_Project.sim/sim_1/behav/xsim
# Command line: wbtcv.exe -mode batch -source D:/Desktop/CS207_DigitalLogic_Project/CS207_DigitalLogic_Project.sim/sim_1/behav/xsim/xsim.dir/vending_top_tb_behav/webtalk/xsim_webtalk.tcl -notrace
# Log file: D:/Desktop/CS207_DigitalLogic_Project/CS207_DigitalLogic_Project.sim/sim_1/behav/xsim/webtalk.log
# Journal file: D:/Desktop/CS207_DigitalLogic_Project/CS207_DigitalLogic_Project.sim/sim_1/behav/xsim\webtalk.jou
#-----------------------------------------------------------
source D:/Desktop/CS207_DigitalLogic_Project/CS207_DigitalLogic_Project.sim/sim_1/behav/xsim/xsim.dir/vending_top_tb_behav/webtalk/xsim_webtalk.tcl -notrace
